2025-08-24T15:09:23 | touched: Cargo.toml
2025-02-14T18:23:19 | touched: src/lib.rs
2025-11-29T00:55:31 | touched: src/lib.rs
2025-12-02T01:43:46 | touched: LICENSE
2026-01-17T11:23:18 | touched: README.md
2025-12-17T09:24:25 | touched: LICENSE
2025-05-12T12:35:16 | touched: Cargo.toml
2025-02-23T21:01:09 | touched: README.md
2025-01-15T07:05:25 | touched: src/lib.rs
2025-06-28T01:50:35 | touched: README.md
2025-01-23T08:18:39 | touched: src/lib.rs
2025-03-04T09:18:32 | touched: Cargo.toml
2025-07-27T21:52:51 | touched: src/main.rs
2025-06-16T15:47:16 | touched: Cargo.toml
2025-03-22T16:28:27 | touched: README.md
2025-03-09T08:27:34 | touched: src/lib.rs
2025-05-10T11:29:45 | touched: LICENSE
2025-08-20T20:01:03 | touched: Cargo.toml
2025-11-17T07:16:06 | touched: LICENSE
2025-08-27T22:15:35 | touched: src/lib.rs
2025-03-08T12:32:52 | touched: README.md
2025-10-24T07:00:38 | touched: README.md
2025-07-22T13:36:40 | touched: LICENSE
2025-02-16T05:39:26 | touched: Cargo.toml
2025-12-17T13:24:42 | touched: src/lib.rs
2025-10-03T20:22:53 | touched: src/lib.rs
2025-11-25T02:16:10 | touched: src/main.rs
2025-02-04T23:00:05 | touched: Cargo.toml
2025-05-07T17:52:33 | touched: src/main.rs
